
Memory Configuration

Name             Origin             Length             Attributes
flash            0x08000000         0x00020000         xr
sram             0x20000000         0x00005000         xrw
*default*        0x00000000         0xffffffff

Linker script and memory map


.text           0x08000000      0x12c
 *(.vectors*)
 .vectors       0x08000000       0x1c startup.o
                0x08000000                vectors
 *(.text*)
 .text          0x0800001c       0x90 startup.o
                0x0800001c                Reset_Handler
                0x080000a0                UsageFault_Handler
                0x080000a0                NMI_Handler
                0x080000a0                Default_Handler
                0x080000a0                MemManageFault_Handler
                0x080000a0                BusFault_Handler
                0x080000a0                HardFault_Handler
 .text          0x080000ac       0x80 main.o
                0x080000ac                main
 *(.rodata*)
                0x0800012c                _E_TEXT = .

.glue_7         0x0800012c        0x0
 .glue_7        0x0800012c        0x0 linker stubs

.glue_7t        0x0800012c        0x0
 .glue_7t       0x0800012c        0x0 linker stubs

.vfp11_veneer   0x0800012c        0x0
 .vfp11_veneer  0x0800012c        0x0 linker stubs

.v4_bx          0x0800012c        0x0
 .v4_bx         0x0800012c        0x0 linker stubs

.iplt           0x0800012c        0x0
 .iplt          0x0800012c        0x0 startup.o

.rel.dyn        0x0800012c        0x0
 .rel.iplt      0x0800012c        0x0 startup.o

.data           0x20000000        0x8 load address 0x0800012c
                0x20000000                _S_DATA = .
 *(.data)
 .data          0x20000000        0x0 startup.o
 .data          0x20000000        0x8 main.o
                0x20000000                PORTA_Data
                0x20000004                PORTA_Mode
                0x20000008                . = ALIGN (0x4)
                0x20000008                _E_DATA = .

.igot.plt       0x20000008        0x0 load address 0x08000134
 .igot.plt      0x20000008        0x0 startup.o

.bss            0x20000008     0x1000 load address 0x08000134
                0x20000008                _S_BSS = .
 *(.bss*)
 .bss           0x20000008        0x0 startup.o
 .bss           0x20000008        0x0 main.o
                0x20000008                _E_BSS = .
                0x20000008                . = ALIGN (0x4)
                0x20001008                . = (. + 0x1000)
 *fill*         0x20000008     0x1000 
                0x20001008                _STACK_TOP = .
LOAD startup.o
LOAD main.o
OUTPUT(learn_in_depth_cortex_m3.elf elf32-littlearm)

.debug_info     0x00000000      0x514
 .debug_info    0x00000000      0x18f startup.o
 .debug_info    0x0000018f      0x385 main.o

.debug_abbrev   0x00000000      0x1b2
 .debug_abbrev  0x00000000       0xd4 startup.o
 .debug_abbrev  0x000000d4       0xde main.o

.debug_loc      0x00000000       0xb4
 .debug_loc     0x00000000       0x7c startup.o
 .debug_loc     0x0000007c       0x38 main.o

.debug_aranges  0x00000000       0x40
 .debug_aranges
                0x00000000       0x20 startup.o
 .debug_aranges
                0x00000020       0x20 main.o

.debug_line     0x00000000      0x288
 .debug_line    0x00000000      0x13c startup.o
 .debug_line    0x0000013c      0x14c main.o

.debug_str      0x00000000      0x289
 .debug_str     0x00000000      0x1ab startup.o
                                0x1e8 (size before relaxing)
 .debug_str     0x000001ab       0xde main.o
                                0x25e (size before relaxing)

.comment        0x00000000       0x7e
 .comment       0x00000000       0x7e startup.o
                                 0x7f (size before relaxing)
 .comment       0x0000007e       0x7f main.o

.ARM.attributes
                0x00000000       0x33
 .ARM.attributes
                0x00000000       0x33 startup.o
 .ARM.attributes
                0x00000033       0x33 main.o

.debug_frame    0x00000000       0x7c
 .debug_frame   0x00000000       0x50 startup.o
 .debug_frame   0x00000050       0x2c main.o
