
Memory Configuration

Name             Origin             Length             Attributes
flash            0x00000000         0x20000000         xr
sram             0x20000000         0x20000000         xrw
Peripheral       0x40000000         0x20000000         xrw
*default*        0x00000000         0xffffffff

Linker script and memory map


.text           0x00000000      0x130
 *(.vectors*)
 .vectors       0x00000000       0x10 startup.o
                0x00000000                g_p_fn_Vectors
 *(.text*)
 .text          0x00000010       0x90 startup.o
                0x00000010                Reset_Handler
                0x00000094                NMI_Handler
                0x00000094                Default_Handler
                0x00000094                HardFault_Handler
 .text          0x000000a0       0x90 main.o
                0x000000a0                main
 *(.rodata*)
                0x00000130                _E_TEXT = .

.glue_7         0x00000130        0x0
 .glue_7        0x00000130        0x0 linker stubs

.glue_7t        0x00000130        0x0
 .glue_7t       0x00000130        0x0 linker stubs

.vfp11_veneer   0x00000130        0x0
 .vfp11_veneer  0x00000130        0x0 linker stubs

.v4_bx          0x00000130        0x0
 .v4_bx         0x00000130        0x0 linker stubs

.iplt           0x00000130        0x0
 .iplt          0x00000130        0x0 startup.o

.rel.dyn        0x00000130        0x0
 .rel.iplt      0x00000130        0x0 startup.o

.data           0x20000000        0x0 load address 0x00000130
                0x20000000                _S_DATA = .
 *(.data)
 .data          0x20000000        0x0 startup.o
 .data          0x20000000        0x0 main.o
                0x20000000                . = ALIGN (0x4)
                0x20000000                _E_DATA = .

.igot.plt       0x20000000        0x0 load address 0x00000130
 .igot.plt      0x20000000        0x0 startup.o

.bss            0x20000000      0x400 load address 0x00000130
                0x20000000                _S_BSS = .
 *(.bss*)
 .bss           0x20000000      0x400 startup.o
 .bss           0x20000400        0x0 main.o
                0x20000400                _E_BSS = .
                0x20000400                . = ALIGN (0x4)
LOAD startup.o
LOAD main.o
OUTPUT(unit3_lab4_cortexM4.elf elf32-littlearm)

.debug_info     0x00000000      0x27a
 .debug_info    0x00000000      0x1b1 startup.o
 .debug_info    0x000001b1       0xc9 main.o

.debug_abbrev   0x00000000      0x141
 .debug_abbrev  0x00000000       0xda startup.o
 .debug_abbrev  0x000000da       0x67 main.o

.debug_loc      0x00000000       0xb4
 .debug_loc     0x00000000       0x7c startup.o
 .debug_loc     0x0000007c       0x38 main.o

.debug_aranges  0x00000000       0x40
 .debug_aranges
                0x00000000       0x20 startup.o
 .debug_aranges
                0x00000020       0x20 main.o

.debug_line     0x00000000      0x1b4
 .debug_line    0x00000000       0x67 startup.o
 .debug_line    0x00000067      0x14d main.o

.debug_str      0x00000000      0x1de
 .debug_str     0x00000000      0x1ae startup.o
                                0x1e2 (size before relaxing)
 .debug_str     0x000001ae       0x30 main.o
                                0x191 (size before relaxing)

.comment        0x00000000       0x7e
 .comment       0x00000000       0x7e startup.o
                                 0x7f (size before relaxing)
 .comment       0x0000007e       0x7f main.o

.ARM.attributes
                0x00000000       0x33
 .ARM.attributes
                0x00000000       0x33 startup.o
 .ARM.attributes
                0x00000033       0x33 main.o

.debug_frame    0x00000000       0x7c
 .debug_frame   0x00000000       0x50 startup.o
 .debug_frame   0x00000050       0x2c main.o
